00:00:01.000 [BlackjackAdvisor] «Party» [Table Host] All players have placed their bets. Now let's see what kind of luck will the cards give you!
00:00:02.000 [BlackjackAdvisor] «Party» [Table Host] Opening draw for Nyx Ashworth coming up~
00:00:03.000 [BlackjackAdvisor] «Party» [Table Host] Random! (1-13) 6
00:00:04.000 [BlackjackAdvisor] «Party» [Table Host] Random! (1-13) 9
00:00:05.000 [BlackjackAdvisor] «Party» [Table Host] 15
00:00:06.000 [BlackjackAdvisor] «Party» [Table Host] House shows its first card.
00:00:07.000 [BlackjackAdvisor] «Party» [Table Host] Random! (1-13) 4
00:00:08.000 [BlackjackAdvisor] «Party» [Table Host] 4
00:00:09.000 [BlackjackAdvisor] «Party» [Table Host] Nyx Ashworth takes another card
00:00:10.000 [BlackjackAdvisor] «Party» [Table Host] Random! (1-13) 5
00:00:11.000 [BlackjackAdvisor] «Party» [Table Host] 20
00:00:12.000 [BlackjackAdvisor] «Party» [Table Host] House draws again.
00:00:13.000 [BlackjackAdvisor] «Party» [Table Host] Random! (1-13) 3
00:00:14.000 [BlackjackAdvisor] «Party» [Table Host] 7
00:00:15.000 [BlackjackAdvisor] «Party» [Table Host] Thank you for playing Blackjack. Rewards will be handed over shortly.
00:00:20.000 [BlackjackAdvisor] «Party» [Table Host] All players have placed their bets. Now let's see what kind of luck will the cards give you!
00:00:21.000 [BlackjackAdvisor] «Party» [Table Host] Opening draw for Nyx Ashworth coming up~
00:00:22.000 [BlackjackAdvisor] «Party» [Table Host] Random! (1-13) 11
00:00:23.000 [BlackjackAdvisor] «Party» [Table Host] Random! (1-13) 2
00:00:24.000 [BlackjackAdvisor] «Party» [Table Host] 12
00:00:25.000 [BlackjackAdvisor] «Party» [Table Host] House shows its first card.
00:00:26.000 [BlackjackAdvisor] «Party» [Table Host] Random! (1-13) 8
00:00:27.000 [BlackjackAdvisor] «Party» [Table Host] 8
00:00:28.000 [BlackjackAdvisor] «Party» [Table Host] Nyx Ashworth takes another card
00:00:29.000 [BlackjackAdvisor] «Party» [Table Host] Random! (1-13) 7
00:00:30.000 [BlackjackAdvisor] «Party» [Table Host] 19
00:00:31.000 [BlackjackAdvisor] «Party» [Table Host] House draws again.
00:00:32.000 [BlackjackAdvisor] «Party» [Table Host] Random! (1-13) 6
00:00:33.000 [BlackjackAdvisor] «Party» [Table Host] 14
00:00:34.000 [BlackjackAdvisor] «Party» [Table Host] Thank you for playing Blackjack. Rewards will be handed over shortly.
00:00:40.000 [BlackjackAdvisor] «Party» [Table Host] All players have placed their bets. Now let's see what kind of luck will the cards give you!
00:00:41.000 [BlackjackAdvisor] «Party» [Table Host] Opening draw for Nyx Ashworth coming up~
00:00:42.000 [BlackjackAdvisor] «Party» [Table Host] Random! (1-13) 10
00:00:43.000 [BlackjackAdvisor] «Party» [Table Host] Random! (1-13) 1
00:00:44.000 [BlackjackAdvisor] «Party» [Table Host] Nyx Ashworth got a blackjack!
00:00:45.000 [BlackjackAdvisor] «Party» [Table Host] House shows its first card.
00:00:46.000 [BlackjackAdvisor] «Party» [Table Host] Random! (1-13) 9
00:00:47.000 [BlackjackAdvisor] «Party» [Table Host] 9
00:00:48.000 [BlackjackAdvisor] «Party» [Table Host] House draws again.
00:00:49.000 [BlackjackAdvisor] «Party» [Table Host] Random! (1-13) 12
00:00:50.000 [BlackjackAdvisor] «Party» [Table Host] 19
00:00:51.000 [BlackjackAdvisor] «Party» [Table Host] Thank you for playing Blackjack. Rewards will be handed over shortly.
